I'm sorry, but errors were detected in your script. Please correct the
errors listed below, and try again.


File "game/chapter_1.rpy", line 1: expected statement.
    next_chapter = 'chapter_2'
                 ^

File "game/chapter_2.rpy", line 1: expected statement.
    next_chapter = 'chapter_3'
                 ^

File "game/chapter_3.rpy", line 1: expected statement.
    next_chapter = 'start'
                 ^

File "game/prologue.rpy", line 1: expected statement.
    next_chapter = 'chapter_1'
                 ^

File "game/script.rpy", line 8: expected statement.
    next_chapter = 'prologue'
                 ^

Ren'Py Version: Ren'Py 8.3.4.24120703
Thu Feb 20 20:55:53 2025
